Analysis & Synthesis report for finalClock
Wed Mar 16 16:19:54 2022
Quartus Prime Version 20.1.1 Build 720 11/11/2020 SJ Lite Edition


---------------------
; Table of Contents ;
---------------------
  1. Legal Notice
  2. Analysis & Synthesis Summary
  3. Analysis & Synthesis Settings
  4. Parallel Compilation
  5. Analysis & Synthesis Source Files Read
  6. Analysis & Synthesis Resource Usage Summary
  7. Analysis & Synthesis Resource Utilization by Entity
  8. General Register Statistics
  9. Multiplexer Restructuring Statistics (Restructuring Performed)
 10. Parameter Settings for User Entity Instance: Top-level Entity: |finalClock
 11. Parameter Settings for User Entity Instance: clock_divider:ClkDiv
 12. Port Connectivity Checks: "sevenseg_disp:SvnSeg6"
 13. Port Connectivity Checks: "sevenseg_disp:SvnSeg4"
 14. Port Connectivity Checks: "sevenseg_disp:SvnSeg2"
 15. Port Connectivity Checks: "s_counter:Count2"
 16. Post-Synthesis Netlist Statistics for Top Partition
 17. Elapsed Time Per Partition
 18. Analysis & Synthesis Messages



----------------
; Legal Notice ;
----------------
Copyright (C) 2020  Intel Corporation. All rights reserved.
Your use of Intel Corporation's design tools, logic functions 
and other software and tools, and any partner logic 
functions, and any output files from any of the foregoing 
(including device programming or simulation files), and any 
associated documentation or information are expressly subject 
to the terms and conditions of the Intel Program License 
Subscription Agreement, the Intel Quartus Prime License Agreement,
the Intel FPGA IP License Agreement, or other applicable license
agreement, including, without limitation, that your use is for
the sole purpose of programming logic devices manufactured by
Intel and sold by Intel or its authorized distributors.  Please
refer to the applicable agreement for further details, at
https://fpgasoftware.intel.com/eula.



+-------------------------------------------------------------------------------+
; Analysis & Synthesis Summary                                                  ;
+---------------------------------+---------------------------------------------+
; Analysis & Synthesis Status     ; Successful - Wed Mar 16 16:19:54 2022       ;
; Quartus Prime Version           ; 20.1.1 Build 720 11/11/2020 SJ Lite Edition ;
; Revision Name                   ; finalClock                                  ;
; Top-level Entity Name           ; finalClock                                  ;
; Family                          ; Cyclone V                                   ;
; Logic utilization (in ALMs)     ; N/A                                         ;
; Total registers                 ; 48                                          ;
; Total pins                      ; 48                                          ;
; Total virtual pins              ; 0                                           ;
; Total block memory bits         ; 0                                           ;
; Total DSP Blocks                ; 0                                           ;
; Total HSSI RX PCSs              ; 0                                           ;
; Total HSSI PMA RX Deserializers ; 0                                           ;
; Total HSSI TX PCSs              ; 0                                           ;
; Total HSSI PMA TX Serializers   ; 0                                           ;
; Total PLLs                      ; 0                                           ;
; Total DLLs                      ; 0                                           ;
+---------------------------------+---------------------------------------------+


+---------------------------------------------------------------------------------------------------------------------------+
; Analysis & Synthesis Settings                                                                                             ;
+---------------------------------------------------------------------------------+--------------------+--------------------+
; Option                                                                          ; Setting            ; Default Value      ;
+---------------------------------------------------------------------------------+--------------------+--------------------+
; Device                                                                          ; 5CSEMA5F31C6       ;                    ;
; Top-level entity name                                                           ; finalClock         ; finalClock         ;
; Family name                                                                     ; Cyclone V          ; Cyclone V          ;
; Use smart compilation                                                           ; Off                ; Off                ;
; Enable parallel Assembler and Timing Analyzer during compilation                ; On                 ; On                 ;
; Enable compact report table                                                     ; Off                ; Off                ;
; Restructure Multiplexers                                                        ; Auto               ; Auto               ;
; MLAB Add Timing Constraints For Mixed-Port Feed-Through Mode Setting Don't Care ; Off                ; Off                ;
; Create Debugging Nodes for IP Cores                                             ; Off                ; Off                ;
; Preserve fewer node names                                                       ; On                 ; On                 ;
; Intel FPGA IP Evaluation Mode                                                   ; Enable             ; Enable             ;
; Verilog Version                                                                 ; Verilog_2001       ; Verilog_2001       ;
; VHDL Version                                                                    ; VHDL_1993          ; VHDL_1993          ;
; State Machine Processing                                                        ; Auto               ; Auto               ;
; Safe State Machine                                                              ; Off                ; Off                ;
; Extract Verilog State Machines                                                  ; On                 ; On                 ;
; Extract VHDL State Machines                                                     ; On                 ; On                 ;
; Ignore Verilog initial constructs                                               ; Off                ; Off                ;
; Iteration limit for constant Verilog loops                                      ; 5000               ; 5000               ;
; Iteration limit for non-constant Verilog loops                                  ; 250                ; 250                ;
; Add Pass-Through Logic to Inferred RAMs                                         ; On                 ; On                 ;
; Infer RAMs from Raw Logic                                                       ; On                 ; On                 ;
; Parallel Synthesis                                                              ; On                 ; On                 ;
; DSP Block Balancing                                                             ; Auto               ; Auto               ;
; NOT Gate Push-Back                                                              ; On                 ; On                 ;
; Power-Up Don't Care                                                             ; On                 ; On                 ;
; Remove Redundant Logic Cells                                                    ; Off                ; Off                ;
; Remove Duplicate Registers                                                      ; On                 ; On                 ;
; Ignore CARRY Buffers                                                            ; Off                ; Off                ;
; Ignore CASCADE Buffers                                                          ; Off                ; Off                ;
; Ignore GLOBAL Buffers                                                           ; Off                ; Off                ;
; Ignore ROW GLOBAL Buffers                                                       ; Off                ; Off                ;
; Ignore LCELL Buffers                                                            ; Off                ; Off                ;
; Ignore SOFT Buffers                                                             ; On                 ; On                 ;
; Limit AHDL Integers to 32 Bits                                                  ; Off                ; Off                ;
; Optimization Technique                                                          ; Balanced           ; Balanced           ;
; Carry Chain Length                                                              ; 70                 ; 70                 ;
; Auto Carry Chains                                                               ; On                 ; On                 ;
; Auto Open-Drain Pins                                                            ; On                 ; On                 ;
; Perform WYSIWYG Primitive Resynthesis                                           ; Off                ; Off                ;
; Auto ROM Replacement                                                            ; On                 ; On                 ;
; Auto RAM Replacement                                                            ; On                 ; On                 ;
; Auto DSP Block Replacement                                                      ; On                 ; On                 ;
; Auto Shift Register Replacement                                                 ; Auto               ; Auto               ;
; Allow Shift Register Merging across Hierarchies                                 ; Auto               ; Auto               ;
; Auto Clock Enable Replacement                                                   ; On                 ; On                 ;
; Strict RAM Replacement                                                          ; Off                ; Off                ;
; Allow Synchronous Control Signals                                               ; On                 ; On                 ;
; Force Use of Synchronous Clear Signals                                          ; Off                ; Off                ;
; Auto Resource Sharing                                                           ; Off                ; Off                ;
; Allow Any RAM Size For Recognition                                              ; Off                ; Off                ;
; Allow Any ROM Size For Recognition                                              ; Off                ; Off                ;
; Allow Any Shift Register Size For Recognition                                   ; Off                ; Off                ;
; Use LogicLock Constraints during Resource Balancing                             ; On                 ; On                 ;
; Ignore translate_off and synthesis_off directives                               ; Off                ; Off                ;
; Timing-Driven Synthesis                                                         ; On                 ; On                 ;
; Report Parameter Settings                                                       ; On                 ; On                 ;
; Report Source Assignments                                                       ; On                 ; On                 ;
; Report Connectivity Checks                                                      ; On                 ; On                 ;
; Ignore Maximum Fan-Out Assignments                                              ; Off                ; Off                ;
; Synchronization Register Chain Length                                           ; 3                  ; 3                  ;
; Power Optimization During Synthesis                                             ; Normal compilation ; Normal compilation ;
; HDL message level                                                               ; Level2             ; Level2             ;
; Suppress Register Optimization Related Messages                                 ; Off                ; Off                ;
; Number of Removed Registers Reported in Synthesis Report                        ; 5000               ; 5000               ;
; Number of Swept Nodes Reported in Synthesis Report                              ; 5000               ; 5000               ;
; Number of Inverted Registers Reported in Synthesis Report                       ; 100                ; 100                ;
; Clock MUX Protection                                                            ; On                 ; On                 ;
; Auto Gated Clock Conversion                                                     ; Off                ; Off                ;
; Block Design Naming                                                             ; Auto               ; Auto               ;
; SDC constraint protection                                                       ; Off                ; Off                ;
; Synthesis Effort                                                                ; Auto               ; Auto               ;
; Shift Register Replacement - Allow Asynchronous Clear Signal                    ; On                 ; On                 ;
; Pre-Mapping Resynthesis Optimization                                            ; Off                ; Off                ;
; Analysis & Synthesis Message Level                                              ; Medium             ; Medium             ;
; Disable Register Merging Across Hierarchies                                     ; Auto               ; Auto               ;
; Resource Aware Inference For Block RAM                                          ; On                 ; On                 ;
; Automatic Parallel Synthesis                                                    ; On                 ; On                 ;
; Partial Reconfiguration Bitstream ID                                            ; Off                ; Off                ;
+---------------------------------------------------------------------------------+--------------------+--------------------+


+------------------------------------------+
; Parallel Compilation                     ;
+----------------------------+-------------+
; Processors                 ; Number      ;
+----------------------------+-------------+
; Number detected on machine ; 16          ;
; Maximum allowed            ; 8           ;
;                            ;             ;
; Average used               ; 1.00        ;
; Maximum used               ; 8           ;
;                            ;             ;
; Usage by Processor         ; % Time Used ;
;     Processor 1            ; 100.0%      ;
;     Processors 2-8         ;   0.0%      ;
+----------------------------+-------------+


+--------------------------------------------------------------------------------------------------------------------------------------------------------------------------------+
; Analysis & Synthesis Source Files Read                                                                                                                                         ;
+----------------------------------+-----------------+-----------------+-----------------------------------------------------------------------------------------------+---------+
; File Name with User-Entered Path ; Used in Netlist ; File Type       ; File Name with Absolute Path                                                                  ; Library ;
+----------------------------------+-----------------+-----------------+-----------------------------------------------------------------------------------------------+---------+
; finalClock.vhd                   ; yes             ; User VHDL File  ; C:/Users/lnguyen5/OneDrive - Seattle University/Desktop/2210/Final Project/finalClock.vhd     ;         ;
; sevenseg_disp.vhd                ; yes             ; User VHDL File  ; C:/Users/lnguyen5/OneDrive - Seattle University/Desktop/2210/Final Project/sevenseg_disp.vhd  ;         ;
; clock_divider.vhd                ; yes             ; User VHDL File  ; C:/Users/lnguyen5/OneDrive - Seattle University/Desktop/2210/Final Project/clock_divider.vhd  ;         ;
; component_pack.vhd               ; yes             ; User VHDL File  ; C:/Users/lnguyen5/OneDrive - Seattle University/Desktop/2210/Final Project/component_pack.vhd ;         ;
; ss_counter.vhd                   ; yes             ; User VHDL File  ; C:/Users/lnguyen5/OneDrive - Seattle University/Desktop/2210/Final Project/ss_counter.vhd     ;         ;
; s_counter.vhd                    ; yes             ; User VHDL File  ; C:/Users/lnguyen5/OneDrive - Seattle University/Desktop/2210/Final Project/s_counter.vhd      ;         ;
; mm_counter.vhd                   ; yes             ; User VHDL File  ; C:/Users/lnguyen5/OneDrive - Seattle University/Desktop/2210/Final Project/mm_counter.vhd     ;         ;
; m_counter.vhd                    ; yes             ; User VHDL File  ; C:/Users/lnguyen5/OneDrive - Seattle University/Desktop/2210/Final Project/m_counter.vhd      ;         ;
; hh_counter.vhd                   ; yes             ; User VHDL File  ; C:/Users/lnguyen5/OneDrive - Seattle University/Desktop/2210/Final Project/hh_counter.vhd     ;         ;
; h_counter.vhd                    ; yes             ; User VHDL File  ; C:/Users/lnguyen5/OneDrive - Seattle University/Desktop/2210/Final Project/h_counter.vhd      ;         ;
+----------------------------------+-----------------+-----------------+-----------------------------------------------------------------------------------------------+---------+


+-----------------------------------------------------------------------------+
; Analysis & Synthesis Resource Usage Summary                                 ;
+---------------------------------------------+-------------------------------+
; Resource                                    ; Usage                         ;
+---------------------------------------------+-------------------------------+
; Estimate of Logic utilization (ALMs needed) ; 58                            ;
;                                             ;                               ;
; Combinational ALUT usage for logic          ; 103                           ;
;     -- 7 input functions                    ; 1                             ;
;     -- 6 input functions                    ; 11                            ;
;     -- 5 input functions                    ; 4                             ;
;     -- 4 input functions                    ; 32                            ;
;     -- <=3 input functions                  ; 55                            ;
;                                             ;                               ;
; Dedicated logic registers                   ; 48                            ;
;                                             ;                               ;
; I/O pins                                    ; 48                            ;
;                                             ;                               ;
; Total DSP Blocks                            ; 0                             ;
;                                             ;                               ;
; Maximum fan-out node                        ; clock_divider:ClkDiv|Equal0~4 ;
; Maximum fan-out                             ; 27                            ;
; Total fan-out                               ; 575                           ;
; Average fan-out                             ; 2.33                          ;
+---------------------------------------------+-------------------------------+


+--------------------------------------------------------------------------------------------------------------------------------------------------------------------------------------------------------+
; Analysis & Synthesis Resource Utilization by Entity                                                                                                                                                    ;
+----------------------------+---------------------+---------------------------+-------------------+------------+------+--------------+-----------------------------------+---------------+--------------+
; Compilation Hierarchy Node ; Combinational ALUTs ; Dedicated Logic Registers ; Block Memory Bits ; DSP Blocks ; Pins ; Virtual Pins ; Full Hierarchy Name               ; Entity Name   ; Library Name ;
+----------------------------+---------------------+---------------------------+-------------------+------------+------+--------------+-----------------------------------+---------------+--------------+
; |finalClock                ; 103 (0)             ; 48 (0)                    ; 0                 ; 0          ; 48   ; 0            ; |finalClock                       ; finalClock    ; work         ;
;    |clock_divider:ClkDiv|  ; 31 (31)             ; 27 (27)                   ; 0                 ; 0          ; 0    ; 0            ; |finalClock|clock_divider:ClkDiv  ; clock_divider ; work         ;
;    |h_counter:Count6|      ; 5 (5)               ; 3 (3)                     ; 0                 ; 0          ; 0    ; 0            ; |finalClock|h_counter:Count6      ; h_counter     ; work         ;
;    |hh_counter:Count5|     ; 8 (8)               ; 4 (4)                     ; 0                 ; 0          ; 0    ; 0            ; |finalClock|hh_counter:Count5     ; hh_counter    ; work         ;
;    |m_counter:count4|      ; 4 (4)               ; 3 (3)                     ; 0                 ; 0          ; 0    ; 0            ; |finalClock|m_counter:count4      ; m_counter     ; work         ;
;    |mm_counter:Count3|     ; 7 (7)               ; 4 (4)                     ; 0                 ; 0          ; 0    ; 0            ; |finalClock|mm_counter:Count3     ; mm_counter    ; work         ;
;    |s_counter:Count2|      ; 5 (5)               ; 3 (3)                     ; 0                 ; 0          ; 0    ; 0            ; |finalClock|s_counter:Count2      ; s_counter     ; work         ;
;    |sevenseg_disp:SvnSeg1| ; 7 (7)               ; 0 (0)                     ; 0                 ; 0          ; 0    ; 0            ; |finalClock|sevenseg_disp:SvnSeg1 ; sevenseg_disp ; work         ;
;    |sevenseg_disp:SvnSeg2| ; 7 (7)               ; 0 (0)                     ; 0                 ; 0          ; 0    ; 0            ; |finalClock|sevenseg_disp:SvnSeg2 ; sevenseg_disp ; work         ;
;    |sevenseg_disp:SvnSeg3| ; 7 (7)               ; 0 (0)                     ; 0                 ; 0          ; 0    ; 0            ; |finalClock|sevenseg_disp:SvnSeg3 ; sevenseg_disp ; work         ;
;    |sevenseg_disp:SvnSeg4| ; 7 (7)               ; 0 (0)                     ; 0                 ; 0          ; 0    ; 0            ; |finalClock|sevenseg_disp:SvnSeg4 ; sevenseg_disp ; work         ;
;    |sevenseg_disp:SvnSeg5| ; 7 (7)               ; 0 (0)                     ; 0                 ; 0          ; 0    ; 0            ; |finalClock|sevenseg_disp:SvnSeg5 ; sevenseg_disp ; work         ;
;    |sevenseg_disp:SvnSeg6| ; 3 (3)               ; 0 (0)                     ; 0                 ; 0          ; 0    ; 0            ; |finalClock|sevenseg_disp:SvnSeg6 ; sevenseg_disp ; work         ;
;    |ss_counter:Count1|     ; 5 (5)               ; 4 (4)                     ; 0                 ; 0          ; 0    ; 0            ; |finalClock|ss_counter:Count1     ; ss_counter    ; work         ;
+----------------------------+---------------------+---------------------------+-------------------+------------+------+--------------+-----------------------------------+---------------+--------------+
Note: For table entries with two numbers listed, the numbers in parentheses indicate the number of resources of the given type used by the specific entity alone. The numbers listed outside of parentheses indicate the total resources of the given type used by the specific entity and all of its sub-entities in the hierarchy.


+------------------------------------------------------+
; General Register Statistics                          ;
+----------------------------------------------+-------+
; Statistic                                    ; Value ;
+----------------------------------------------+-------+
; Total registers                              ; 48    ;
; Number of registers using Synchronous Clear  ; 25    ;
; Number of registers using Synchronous Load   ; 0     ;
; Number of registers using Asynchronous Clear ; 0     ;
; Number of registers using Asynchronous Load  ; 0     ;
; Number of registers using Clock Enable       ; 18    ;
; Number of registers using Preset             ; 0     ;
+----------------------------------------------+-------+


+-----------------------------------------------------------------------------------------------------------------------------------------------------+
; Multiplexer Restructuring Statistics (Restructuring Performed)                                                                                      ;
+--------------------+-----------+---------------+----------------------+------------------------+------------+---------------------------------------+
; Multiplexer Inputs ; Bus Width ; Baseline Area ; Area if Restructured ; Saving if Restructured ; Registered ; Example Multiplexer Output            ;
+--------------------+-----------+---------------+----------------------+------------------------+------------+---------------------------------------+
; 3:1                ; 2 bits    ; 4 LEs         ; 2 LEs                ; 2 LEs                  ; Yes        ; |finalClock|mm_counter:Count3|temp[1] ;
; 4:1                ; 2 bits    ; 4 LEs         ; 2 LEs                ; 2 LEs                  ; Yes        ; |finalClock|mm_counter:Count3|temp[3] ;
; 4:1                ; 2 bits    ; 4 LEs         ; 2 LEs                ; 2 LEs                  ; Yes        ; |finalClock|m_counter:count4|temp[0]  ;
; 6:1                ; 3 bits    ; 12 LEs        ; 6 LEs                ; 6 LEs                  ; Yes        ; |finalClock|hh_counter:Count5|temp[0] ;
; 8:1                ; 3 bits    ; 15 LEs        ; 6 LEs                ; 9 LEs                  ; Yes        ; |finalClock|h_counter:Count6|temp[2]  ;
+--------------------+-----------+---------------+----------------------+------------------------+------------+---------------------------------------+


+----------------------------------------------------------------------------+
; Parameter Settings for User Entity Instance: Top-level Entity: |finalClock ;
+----------------+----------+------------------------------------------------+
; Parameter Name ; Value    ; Type                                           ;
+----------------+----------+------------------------------------------------+
; n              ; 25500000 ; Signed Integer                                 ;
+----------------+----------+------------------------------------------------+
Note: In order to hide this table in the UI and the text report file, please set the "Show Parameter Settings in Synthesis Report" option in "Analysis and Synthesis Settings -> More Settings" to "Off".


+-------------------------------------------------------------------+
; Parameter Settings for User Entity Instance: clock_divider:ClkDiv ;
+----------------+----------+---------------------------------------+
; Parameter Name ; Value    ; Type                                  ;
+----------------+----------+---------------------------------------+
; n              ; 25500000 ; Signed Integer                        ;
+----------------+----------+---------------------------------------+
Note: In order to hide this table in the UI and the text report file, please set the "Show Parameter Settings in Synthesis Report" option in "Analysis and Synthesis Settings -> More Settings" to "Off".


+---------------------------------------------------+
; Port Connectivity Checks: "sevenseg_disp:SvnSeg6" ;
+-------------+-------+----------+------------------+
; Port        ; Type  ; Severity ; Details          ;
+-------------+-------+----------+------------------+
; input[3..2] ; Input ; Info     ; Stuck at GND     ;
+-------------+-------+----------+------------------+


+---------------------------------------------------+
; Port Connectivity Checks: "sevenseg_disp:SvnSeg4" ;
+----------+-------+----------+---------------------+
; Port     ; Type  ; Severity ; Details             ;
+----------+-------+----------+---------------------+
; input[3] ; Input ; Info     ; Stuck at GND        ;
+----------+-------+----------+---------------------+


+---------------------------------------------------+
; Port Connectivity Checks: "sevenseg_disp:SvnSeg2" ;
+----------+-------+----------+---------------------+
; Port     ; Type  ; Severity ; Details             ;
+----------+-------+----------+---------------------+
; input[3] ; Input ; Info     ; Stuck at GND        ;
+----------+-------+----------+---------------------+


+-------------------------------------------------------------------------------------------------------------------------------------------------------------------------+
; Port Connectivity Checks: "s_counter:Count2"                                                                                                                            ;
+-------+-------+----------+----------------------------------------------------------------------------------------------------------------------------------------------+
; Port  ; Type  ; Severity ; Details                                                                                                                                      ;
+-------+-------+----------+----------------------------------------------------------------------------------------------------------------------------------------------+
; alarm ; Input ; Warning  ; Declared by entity but not connected by instance. If a default value exists, it will be used.  Otherwise, the port will be connected to GND. ;
+-------+-------+----------+----------------------------------------------------------------------------------------------------------------------------------------------+


+-----------------------------------------------------+
; Post-Synthesis Netlist Statistics for Top Partition ;
+-----------------------+-----------------------------+
; Type                  ; Count                       ;
+-----------------------+-----------------------------+
; arriav_ff             ; 48                          ;
;     ENA               ; 18                          ;
;     SCLR              ; 25                          ;
;     plain             ; 5                           ;
; arriav_lcell_comb     ; 108                         ;
;     arith             ; 25                          ;
;         1 data inputs ; 25                          ;
;     extend            ; 1                           ;
;         7 data inputs ; 1                           ;
;     normal            ; 82                          ;
;         0 data inputs ; 1                           ;
;         1 data inputs ; 9                           ;
;         2 data inputs ; 3                           ;
;         3 data inputs ; 22                          ;
;         4 data inputs ; 32                          ;
;         5 data inputs ; 4                           ;
;         6 data inputs ; 11                          ;
; boundary_port         ; 48                          ;
;                       ;                             ;
; Max LUT depth         ; 3.40                        ;
; Average LUT depth     ; 2.07                        ;
+-----------------------+-----------------------------+


+-------------------------------+
; Elapsed Time Per Partition    ;
+----------------+--------------+
; Partition Name ; Elapsed Time ;
+----------------+--------------+
; Top            ; 00:00:00     ;
+----------------+--------------+


+-------------------------------+
; Analysis & Synthesis Messages ;
+-------------------------------+
Info: *******************************************************************
Info: Running Quartus Prime Analysis & Synthesis
    Info: Version 20.1.1 Build 720 11/11/2020 SJ Lite Edition
    Info: Processing started: Wed Mar 16 16:19:47 2022
Info: Command: quartus_map --read_settings_files=on --write_settings_files=off finalClock -c finalClock
Warning (18236): Number of processors has not been specified which may cause overloading on shared machines.  Set the global assignment NUM_PARALLEL_PROCESSORS in your QSF to an appropriate value for best performance.
Info (20030): Parallel compilation is enabled and will use 8 of the 8 processors detected
Info (12021): Found 2 design units, including 1 entities, in source file finalclock.vhd
    Info (12022): Found design unit 1: finalClock-structure File: C:/Users/lnguyen5/OneDrive - Seattle University/Desktop/2210/Final Project/finalClock.vhd Line: 13
    Info (12023): Found entity 1: finalClock File: C:/Users/lnguyen5/OneDrive - Seattle University/Desktop/2210/Final Project/finalClock.vhd Line: 7
Info (12021): Found 2 design units, including 1 entities, in source file sevenseg_disp.vhd
    Info (12022): Found design unit 1: sevenseg_disp-encoding File: C:/Users/lnguyen5/OneDrive - Seattle University/Desktop/2210/Final Project/sevenseg_disp.vhd Line: 18
    Info (12023): Found entity 1: sevenseg_disp File: C:/Users/lnguyen5/OneDrive - Seattle University/Desktop/2210/Final Project/sevenseg_disp.vhd Line: 12
Info (12021): Found 2 design units, including 1 entities, in source file clock_divider.vhd
    Info (12022): Found design unit 1: clock_divider-RTL File: C:/Users/lnguyen5/OneDrive - Seattle University/Desktop/2210/Final Project/clock_divider.vhd Line: 11
    Info (12023): Found entity 1: clock_divider File: C:/Users/lnguyen5/OneDrive - Seattle University/Desktop/2210/Final Project/clock_divider.vhd Line: 4
Info (12021): Found 1 design units, including 0 entities, in source file component_pack.vhd
    Info (12022): Found design unit 1: component_pack File: C:/Users/lnguyen5/OneDrive - Seattle University/Desktop/2210/Final Project/component_pack.vhd Line: 5
Info (12021): Found 2 design units, including 1 entities, in source file ss_counter.vhd
    Info (12022): Found design unit 1: ss_counter-ss_counter File: C:/Users/lnguyen5/OneDrive - Seattle University/Desktop/2210/Final Project/ss_counter.vhd Line: 9
    Info (12023): Found entity 1: ss_counter File: C:/Users/lnguyen5/OneDrive - Seattle University/Desktop/2210/Final Project/ss_counter.vhd Line: 4
Info (12021): Found 2 design units, including 1 entities, in source file two_seven_seg.vhd
    Info (12022): Found design unit 1: two_seven_seg-encoding File: C:/Users/lnguyen5/OneDrive - Seattle University/Desktop/2210/Final Project/two_seven_seg.vhd Line: 18
    Info (12023): Found entity 1: two_seven_seg File: C:/Users/lnguyen5/OneDrive - Seattle University/Desktop/2210/Final Project/two_seven_seg.vhd Line: 12
Info (12021): Found 2 design units, including 1 entities, in source file s_counter.vhd
    Info (12022): Found design unit 1: s_counter-s_counter File: C:/Users/lnguyen5/OneDrive - Seattle University/Desktop/2210/Final Project/s_counter.vhd Line: 10
    Info (12023): Found entity 1: s_counter File: C:/Users/lnguyen5/OneDrive - Seattle University/Desktop/2210/Final Project/s_counter.vhd Line: 4
Info (12021): Found 2 design units, including 1 entities, in source file mm_counter.vhd
    Info (12022): Found design unit 1: mm_counter-mm_counter File: C:/Users/lnguyen5/OneDrive - Seattle University/Desktop/2210/Final Project/mm_counter.vhd Line: 11
    Info (12023): Found entity 1: mm_counter File: C:/Users/lnguyen5/OneDrive - Seattle University/Desktop/2210/Final Project/mm_counter.vhd Line: 4
Info (12021): Found 2 design units, including 1 entities, in source file m_counter.vhd
    Info (12022): Found design unit 1: m_counter-m_counter File: C:/Users/lnguyen5/OneDrive - Seattle University/Desktop/2210/Final Project/m_counter.vhd Line: 12
    Info (12023): Found entity 1: m_counter File: C:/Users/lnguyen5/OneDrive - Seattle University/Desktop/2210/Final Project/m_counter.vhd Line: 4
Info (12021): Found 2 design units, including 1 entities, in source file hh_counter.vhd
    Info (12022): Found design unit 1: hh_counter-hh_counter File: C:/Users/lnguyen5/OneDrive - Seattle University/Desktop/2210/Final Project/hh_counter.vhd Line: 14
    Info (12023): Found entity 1: hh_counter File: C:/Users/lnguyen5/OneDrive - Seattle University/Desktop/2210/Final Project/hh_counter.vhd Line: 4
Info (12021): Found 2 design units, including 1 entities, in source file h_counter.vhd
    Info (12022): Found design unit 1: h_counter-h_counter File: C:/Users/lnguyen5/OneDrive - Seattle University/Desktop/2210/Final Project/h_counter.vhd Line: 14
    Info (12023): Found entity 1: h_counter File: C:/Users/lnguyen5/OneDrive - Seattle University/Desktop/2210/Final Project/h_counter.vhd Line: 4
Info (12127): Elaborating entity "finalClock" for the top level hierarchy
Info (12128): Elaborating entity "clock_divider" for hierarchy "clock_divider:ClkDiv" File: C:/Users/lnguyen5/OneDrive - Seattle University/Desktop/2210/Final Project/finalClock.vhd Line: 24
Info (12128): Elaborating entity "ss_counter" for hierarchy "ss_counter:Count1" File: C:/Users/lnguyen5/OneDrive - Seattle University/Desktop/2210/Final Project/finalClock.vhd Line: 25
Info (12128): Elaborating entity "s_counter" for hierarchy "s_counter:Count2" File: C:/Users/lnguyen5/OneDrive - Seattle University/Desktop/2210/Final Project/finalClock.vhd Line: 26
Info (12128): Elaborating entity "mm_counter" for hierarchy "mm_counter:Count3" File: C:/Users/lnguyen5/OneDrive - Seattle University/Desktop/2210/Final Project/finalClock.vhd Line: 27
Info (12128): Elaborating entity "m_counter" for hierarchy "m_counter:count4" File: C:/Users/lnguyen5/OneDrive - Seattle University/Desktop/2210/Final Project/finalClock.vhd Line: 28
Info (12128): Elaborating entity "hh_counter" for hierarchy "hh_counter:Count5" File: C:/Users/lnguyen5/OneDrive - Seattle University/Desktop/2210/Final Project/finalClock.vhd Line: 29
Info (12128): Elaborating entity "h_counter" for hierarchy "h_counter:Count6" File: C:/Users/lnguyen5/OneDrive - Seattle University/Desktop/2210/Final Project/finalClock.vhd Line: 30
Info (12128): Elaborating entity "sevenseg_disp" for hierarchy "sevenseg_disp:SvnSeg1" File: C:/Users/lnguyen5/OneDrive - Seattle University/Desktop/2210/Final Project/finalClock.vhd Line: 32
Warning (12241): 1 hierarchies have connectivity warnings - see the Connectivity Checks report folder
Warning (13024): Output pins are stuck at VCC or GND
    Warning (13410): Pin "segment6[1]" is stuck at GND File: C:/Users/lnguyen5/OneDrive - Seattle University/Desktop/2210/Final Project/finalClock.vhd Line: 10
Info (286030): Timing-Driven Synthesis is running
Info (16010): Generating hard_block partition "hard_block:auto_generated_inst"
    Info (16011): Adding 0 node(s), including 0 DDIO, 0 PLL, 0 transceiver and 0 LCELL
Info (21057): Implemented 152 device resources after synthesis - the final resource count might be different
    Info (21058): Implemented 6 input pins
    Info (21059): Implemented 42 output pins
    Info (21061): Implemented 104 logic cells
Info: Quartus Prime Analysis & Synthesis was successful. 0 errors, 4 warnings
    Info: Peak virtual memory: 4896 megabytes
    Info: Processing ended: Wed Mar 16 16:19:54 2022
    Info: Elapsed time: 00:00:07
    Info: Total CPU time (on all processors): 00:00:17


